// Jest Snapshot v1, https://goo.gl/fbAQLP

exports[`tests for <Link /> should match SnapShot 1`] = `
ShallowWrapper {
  "length": 1,
  Symbol(enzyme.__root__): [Circular],
  Symbol(enzyme.__unrendered__): <Link
    className=""
    color="blue"
    disabled={false}
    tag="a"
    theme=""
  >
    <div
      className="child"
    />
  </Link>,
  Symbol(enzyme.__renderer__): Object {
    "batchedUpdates": [Function],
    "getNode": [Function],
    "render": [Function],
    "simulateEvent": [Function],
    "unmount": [Function],
  },
  Symbol(enzyme.__node__): Object {
    "instance": null,
    "key": undefined,
    "nodeType": "host",
    "props": Object {
      "children": <div
        className="child"
      />,
      "className": "cui-link cui-link--blue",
      "disabled": false,
      "tabIndex": 0,
    },
    "ref": null,
    "rendered": Object {
      "instance": null,
      "key": undefined,
      "nodeType": "host",
      "props": Object {
        "className": "child",
      },
      "ref": null,
      "rendered": null,
      "type": "div",
    },
    "type": "a",
  },
  Symbol(enzyme.__nodes__): Array [
    Object {
      "instance": null,
      "key": undefined,
      "nodeType": "host",
      "props": Object {
        "children": <div
          className="child"
        />,
        "className": "cui-link cui-link--blue",
        "disabled": false,
        "tabIndex": 0,
      },
      "ref": null,
      "rendered": Object {
        "instance": null,
        "key": undefined,
        "nodeType": "host",
        "props": Object {
          "className": "child",
        },
        "ref": null,
        "rendered": null,
        "type": "div",
      },
      "type": "a",
    },
  ],
  Symbol(enzyme.__options__): Object {
    "adapter": ReactFifteenAdapter {
      "options": Object {
        "lifecycles": Object {
          "componentDidUpdate": Object {
            "prevContext": true,
          },
        },
        "supportPrevContextArgumentOfComponentDidUpdate": true,
      },
    },
  },
}
`;
