// Jest Snapshot v1, https://goo.gl/fbAQLP

exports[`tests for <Select /> should match normal SnapShot 1`] = `
ShallowWrapper {
  "length": 1,
  Symbol(enzyme.__root__): [Circular],
  Symbol(enzyme.__unrendered__): <Select
    className=""
    defaultValue=""
    id={null}
    isMulti={false}
    onSelect={null}
  />,
  Symbol(enzyme.__renderer__): Object {
    "batchedUpdates": [Function],
    "getNode": [Function],
    "render": [Function],
    "simulateEvent": [Function],
    "unmount": [Function],
  },
  Symbol(enzyme.__node__): Object {
    "instance": null,
    "key": undefined,
    "nodeType": "host",
    "props": Object {
      "children": Array [
        <Button
          active={false}
          aria-haspopup="listbox"
          ariaLabel=""
          ariaLabelledBy="cui-select-1__label"
          circle={false}
          className="cui-button--input"
          color=""
          containerLarge={false}
          disabled={false}
          expand={false}
          href=""
          id={null}
          label=""
          large={false}
          loading={false}
          name="cui-select-1"
          onClick={[Function]}
          onSelect={null}
          style={Object {}}
          tag="button"
          type="button"
        >
          <div
            className="cui-select__label"
            id="cui-select-1__label"
          >
            
            <Icon
              className=""
              color=""
              isAria={false}
              isClickable={false}
              name="arrow-down_16"
            />
          </div>
        </Button>,
        <EventOverlay
          allowClickAway={true}
          anchorNode={null}
          className=""
          close={[Function]}
          direction="bottom-center"
          isDynamic={false}
          isOpen={false}
          maxHeight={null}
          showArrow={false}
          targetOffset={
            Object {
              "horizontal": 0,
              "vertical": 0,
            }
          }
        >
          <List
            active={Array []}
            aria-labelledby="cui-select-1__label"
            aria-multiselectable={false}
            className=""
            id={null}
            isMulti={false}
            itemRole="option"
            onSelect={[Function]}
            role="listbox"
            style={
              Object {
                "width": null,
              }
            }
            tabType="vertical"
            type={null}
          />
        </EventOverlay>,
      ],
      "className": "cui-input-group cui-select",
    },
    "ref": null,
    "rendered": Array [
      Object {
        "instance": null,
        "key": undefined,
        "nodeType": "class",
        "props": Object {
          "active": false,
          "aria-haspopup": "listbox",
          "ariaLabel": "",
          "ariaLabelledBy": "cui-select-1__label",
          "children": <div
            className="cui-select__label"
            id="cui-select-1__label"
          >
            
            <Icon
              className=""
              color=""
              isAria={false}
              isClickable={false}
              name="arrow-down_16"
            />
          </div>,
          "circle": false,
          "className": "cui-button--input",
          "color": "",
          "containerLarge": false,
          "disabled": false,
          "expand": false,
          "href": "",
          "id": null,
          "label": "",
          "large": false,
          "loading": false,
          "name": "cui-select-1",
          "onClick": [Function],
          "onSelect": null,
          "style": Object {},
          "tag": "button",
          "type": "button",
        },
        "ref": [Function],
        "rendered": Object {
          "instance": null,
          "key": undefined,
          "nodeType": "host",
          "props": Object {
            "children": Array [
              "",
              <Icon
                className=""
                color=""
                isAria={false}
                isClickable={false}
                name="arrow-down_16"
              />,
            ],
            "className": "cui-select__label",
            "id": "cui-select-1__label",
          },
          "ref": null,
          "rendered": Array [
            "",
            Object {
              "instance": null,
              "key": undefined,
              "nodeType": "function",
              "props": Object {
                "className": "",
                "color": "",
                "isAria": false,
                "isClickable": false,
                "name": "arrow-down_16",
              },
              "ref": null,
              "rendered": null,
              "type": [Function],
            },
          ],
          "type": "div",
        },
        "type": [Function],
      },
      Object {
        "instance": null,
        "key": undefined,
        "nodeType": "class",
        "props": Object {
          "allowClickAway": true,
          "anchorNode": null,
          "children": <List
            active={Array []}
            aria-labelledby="cui-select-1__label"
            aria-multiselectable={false}
            className=""
            id={null}
            isMulti={false}
            itemRole="option"
            onSelect={[Function]}
            role="listbox"
            style={
              Object {
                "width": null,
              }
            }
            tabType="vertical"
            type={null}
          />,
          "className": "",
          "close": [Function],
          "direction": "bottom-center",
          "isDynamic": false,
          "isOpen": false,
          "maxHeight": null,
          "showArrow": false,
          "targetOffset": Object {
            "horizontal": 0,
            "vertical": 0,
          },
        },
        "ref": null,
        "rendered": Object {
          "instance": null,
          "key": undefined,
          "nodeType": "class",
          "props": Object {
            "active": Array [],
            "aria-labelledby": "cui-select-1__label",
            "aria-multiselectable": false,
            "children": null,
            "className": "",
            "id": null,
            "isMulti": false,
            "itemRole": "option",
            "onSelect": [Function],
            "role": "listbox",
            "style": Object {
              "width": null,
            },
            "tabType": "vertical",
            "type": null,
          },
          "ref": [Function],
          "rendered": null,
          "type": [Function],
        },
        "type": [Function],
      },
    ],
    "type": "div",
  },
  Symbol(enzyme.__nodes__): Array [
    Object {
      "instance": null,
      "key": undefined,
      "nodeType": "host",
      "props": Object {
        "children": Array [
          <Button
            active={false}
            aria-haspopup="listbox"
            ariaLabel=""
            ariaLabelledBy="cui-select-1__label"
            circle={false}
            className="cui-button--input"
            color=""
            containerLarge={false}
            disabled={false}
            expand={false}
            href=""
            id={null}
            label=""
            large={false}
            loading={false}
            name="cui-select-1"
            onClick={[Function]}
            onSelect={null}
            style={Object {}}
            tag="button"
            type="button"
          >
            <div
              className="cui-select__label"
              id="cui-select-1__label"
            >
              
              <Icon
                className=""
                color=""
                isAria={false}
                isClickable={false}
                name="arrow-down_16"
              />
            </div>
          </Button>,
          <EventOverlay
            allowClickAway={true}
            anchorNode={null}
            className=""
            close={[Function]}
            direction="bottom-center"
            isDynamic={false}
            isOpen={false}
            maxHeight={null}
            showArrow={false}
            targetOffset={
              Object {
                "horizontal": 0,
                "vertical": 0,
              }
            }
          >
            <List
              active={Array []}
              aria-labelledby="cui-select-1__label"
              aria-multiselectable={false}
              className=""
              id={null}
              isMulti={false}
              itemRole="option"
              onSelect={[Function]}
              role="listbox"
              style={
                Object {
                  "width": null,
                }
              }
              tabType="vertical"
              type={null}
            />
          </EventOverlay>,
        ],
        "className": "cui-input-group cui-select",
      },
      "ref": null,
      "rendered": Array [
        Object {
          "instance": null,
          "key": undefined,
          "nodeType": "class",
          "props": Object {
            "active": false,
            "aria-haspopup": "listbox",
            "ariaLabel": "",
            "ariaLabelledBy": "cui-select-1__label",
            "children": <div
              className="cui-select__label"
              id="cui-select-1__label"
            >
              
              <Icon
                className=""
                color=""
                isAria={false}
                isClickable={false}
                name="arrow-down_16"
              />
            </div>,
            "circle": false,
            "className": "cui-button--input",
            "color": "",
            "containerLarge": false,
            "disabled": false,
            "expand": false,
            "href": "",
            "id": null,
            "label": "",
            "large": false,
            "loading": false,
            "name": "cui-select-1",
            "onClick": [Function],
            "onSelect": null,
            "style": Object {},
            "tag": "button",
            "type": "button",
          },
          "ref": [Function],
          "rendered": Object {
            "instance": null,
            "key": undefined,
            "nodeType": "host",
            "props": Object {
              "children": Array [
                "",
                <Icon
                  className=""
                  color=""
                  isAria={false}
                  isClickable={false}
                  name="arrow-down_16"
                />,
              ],
              "className": "cui-select__label",
              "id": "cui-select-1__label",
            },
            "ref": null,
            "rendered": Array [
              "",
              Object {
                "instance": null,
                "key": undefined,
                "nodeType": "function",
                "props": Object {
                  "className": "",
                  "color": "",
                  "isAria": false,
                  "isClickable": false,
                  "name": "arrow-down_16",
                },
                "ref": null,
                "rendered": null,
                "type": [Function],
              },
            ],
            "type": "div",
          },
          "type": [Function],
        },
        Object {
          "instance": null,
          "key": undefined,
          "nodeType": "class",
          "props": Object {
            "allowClickAway": true,
            "anchorNode": null,
            "children": <List
              active={Array []}
              aria-labelledby="cui-select-1__label"
              aria-multiselectable={false}
              className=""
              id={null}
              isMulti={false}
              itemRole="option"
              onSelect={[Function]}
              role="listbox"
              style={
                Object {
                  "width": null,
                }
              }
              tabType="vertical"
              type={null}
            />,
            "className": "",
            "close": [Function],
            "direction": "bottom-center",
            "isDynamic": false,
            "isOpen": false,
            "maxHeight": null,
            "showArrow": false,
            "targetOffset": Object {
              "horizontal": 0,
              "vertical": 0,
            },
          },
          "ref": null,
          "rendered": Object {
            "instance": null,
            "key": undefined,
            "nodeType": "class",
            "props": Object {
              "active": Array [],
              "aria-labelledby": "cui-select-1__label",
              "aria-multiselectable": false,
              "children": null,
              "className": "",
              "id": null,
              "isMulti": false,
              "itemRole": "option",
              "onSelect": [Function],
              "role": "listbox",
              "style": Object {
                "width": null,
              },
              "tabType": "vertical",
              "type": null,
            },
            "ref": [Function],
            "rendered": null,
            "type": [Function],
          },
          "type": [Function],
        },
      ],
      "type": "div",
    },
  ],
  Symbol(enzyme.__options__): Object {
    "adapter": ReactFifteenAdapter {
      "options": Object {
        "supportPrevContextArgumentOfComponentDidUpdate": true,
      },
    },
  },
}
`;
