// Jest Snapshot v1, https://goo.gl/fbAQLP

exports[`tests for <ActivityButton /> should match SnapShot 1`] = `
ShallowWrapper {
  "length": 1,
  Symbol(enzyme.__root__): [Circular],
  Symbol(enzyme.__unrendered__): <ActivityButton
    ariaLabel="test"
    className=""
    disabled={false}
    large={false}
    onClick={null}
    type="chat"
  />,
  Symbol(enzyme.__renderer__): Object {
    "batchedUpdates": [Function],
    "getNode": [Function],
    "render": [Function],
    "simulateEvent": [Function],
    "unmount": [Function],
  },
  Symbol(enzyme.__node__): Object {
    "instance": null,
    "key": undefined,
    "nodeType": "class",
    "props": Object {
      "active": false,
      "ariaLabel": "test",
      "ariaLabelledBy": "",
      "children": <Icon
        className=""
        color=""
        isAria={true}
        isClickable={false}
        name="chat_28"
      />,
      "circle": true,
      "className": "cui-activity cui-activity__chat",
      "color": "",
      "containerLarge": false,
      "disabled": false,
      "expand": false,
      "href": "",
      "label": "",
      "large": false,
      "loading": false,
      "onClick": null,
      "style": Object {},
      "tag": "button",
      "type": "button",
    },
    "ref": null,
    "rendered": Object {
      "instance": null,
      "key": undefined,
      "nodeType": "function",
      "props": Object {
        "className": "",
        "color": "",
        "isAria": true,
        "isClickable": false,
        "name": "chat_28",
      },
      "ref": null,
      "rendered": null,
      "type": [Function],
    },
    "type": [Function],
  },
  Symbol(enzyme.__nodes__): Array [
    Object {
      "instance": null,
      "key": undefined,
      "nodeType": "class",
      "props": Object {
        "active": false,
        "ariaLabel": "test",
        "ariaLabelledBy": "",
        "children": <Icon
          className=""
          color=""
          isAria={true}
          isClickable={false}
          name="chat_28"
        />,
        "circle": true,
        "className": "cui-activity cui-activity__chat",
        "color": "",
        "containerLarge": false,
        "disabled": false,
        "expand": false,
        "href": "",
        "label": "",
        "large": false,
        "loading": false,
        "onClick": null,
        "style": Object {},
        "tag": "button",
        "type": "button",
      },
      "ref": null,
      "rendered": Object {
        "instance": null,
        "key": undefined,
        "nodeType": "function",
        "props": Object {
          "className": "",
          "color": "",
          "isAria": true,
          "isClickable": false,
          "name": "chat_28",
        },
        "ref": null,
        "rendered": null,
        "type": [Function],
      },
      "type": [Function],
    },
  ],
  Symbol(enzyme.__options__): Object {
    "adapter": ReactFifteenAdapter {
      "options": Object {
        "supportPrevContextArgumentOfComponentDidUpdate": true,
      },
    },
  },
}
`;
