// Jest Snapshot v1, https://goo.gl/fbAQLP

exports[`tests for <EditableTextfield /> should render an Editable Textfield 1`] = `
ShallowWrapper {
  "length": 1,
  Symbol(enzyme.__root__): [Circular],
  Symbol(enzyme.__unrendered__): <EditableTextfield
    alignment="left"
    buttonClassName=""
    buttonProps={null}
    className=""
    disabled={false}
    handleDoneEditing={null}
    inputText=""
  />,
  Symbol(enzyme.__renderer__): Object {
    "batchedUpdates": [Function],
    "getNode": [Function],
    "render": [Function],
    "simulateEvent": [Function],
    "unmount": [Function],
  },
  Symbol(enzyme.__node__): Object {
    "instance": null,
    "key": undefined,
    "nodeType": "host",
    "props": Object {
      "children": Array [
        false,
        <div
          className="cui-editable-textfield__button"
          onClick={[Function]}
          onKeyPress={[Function]}
          role="button"
          tabIndex={0}
        >
          
        </div>,
      ],
      "className": "cui-editable-textfield cui-editable-textfield--left",
    },
    "ref": null,
    "rendered": Array [
      false,
      Object {
        "instance": null,
        "key": undefined,
        "nodeType": "host",
        "props": Object {
          "children": "",
          "className": "cui-editable-textfield__button",
          "onClick": [Function],
          "onKeyPress": [Function],
          "role": "button",
          "tabIndex": 0,
        },
        "ref": null,
        "rendered": "",
        "type": "div",
      },
    ],
    "type": "span",
  },
  Symbol(enzyme.__nodes__): Array [
    Object {
      "instance": null,
      "key": undefined,
      "nodeType": "host",
      "props": Object {
        "children": Array [
          false,
          <div
            className="cui-editable-textfield__button"
            onClick={[Function]}
            onKeyPress={[Function]}
            role="button"
            tabIndex={0}
          >
            
          </div>,
        ],
        "className": "cui-editable-textfield cui-editable-textfield--left",
      },
      "ref": null,
      "rendered": Array [
        false,
        Object {
          "instance": null,
          "key": undefined,
          "nodeType": "host",
          "props": Object {
            "children": "",
            "className": "cui-editable-textfield__button",
            "onClick": [Function],
            "onKeyPress": [Function],
            "role": "button",
            "tabIndex": 0,
          },
          "ref": null,
          "rendered": "",
          "type": "div",
        },
      ],
      "type": "span",
    },
  ],
  Symbol(enzyme.__options__): Object {
    "adapter": ReactFifteenAdapter {
      "options": Object {
        "lifecycles": Object {
          "componentDidUpdate": Object {
            "prevContext": true,
          },
        },
        "supportPrevContextArgumentOfComponentDidUpdate": true,
      },
    },
  },
}
`;
