// Jest Snapshot v1, https://goo.gl/fbAQLP

exports[`tests for <Popover /> should match SnapShot 1`] = `
ShallowWrapper {
  "length": 1,
  Symbol(enzyme.__root__): [Circular],
  Symbol(enzyme.__unrendered__): <Popover
    className=""
    closeOnClick={false}
    content={
      <span>
        Hello how are you doing
      </span>
    }
    delay={0}
    direction="top-center"
    hideDelay={0}
    popoverTrigger="MouseEnter"
    showArrow={true}
    showDelay={0}
  >
    <button>
      Hello
    </button>
  </Popover>,
  Symbol(enzyme.__renderer__): Object {
    "batchedUpdates": [Function],
    "getNode": [Function],
    "render": [Function],
    "simulateEvent": [Function],
    "unmount": [Function],
  },
  Symbol(enzyme.__node__): Object {
    "instance": null,
    "key": undefined,
    "nodeType": "host",
    "props": Object {
      "children": Array [
        <button
          onBlur={[Function]}
          onFocus={[Function]}
          onMouseEnter={[Function]}
          onMouseLeave={[Function]}
        >
          Hello
        </button>,
        <EventOverlay
          allowClickAway={true}
          anchorNode={null}
          checkOverflow={true}
          className=""
          close={[Function]}
          closeOnClick={false}
          delay={0}
          direction="top-center"
          hideDelay={0}
          isDynamic={false}
          isOpen={false}
          maxHeight={null}
          maxWidth={null}
          showArrow={true}
          showDelay={0}
          style={null}
          targetOffset={
            Object {
              "horizontal": 0,
              "vertical": 0,
            }
          }
        >
          <span>
            Hello how are you doing
          </span>
        </EventOverlay>,
      ],
    },
    "ref": null,
    "rendered": Array [
      Object {
        "instance": null,
        "key": "child-1",
        "nodeType": "host",
        "props": Object {
          "children": "Hello",
          "onBlur": [Function],
          "onFocus": [Function],
          "onMouseEnter": [Function],
          "onMouseLeave": [Function],
        },
        "ref": [Function],
        "rendered": "Hello",
        "type": "button",
      },
      Object {
        "instance": null,
        "key": undefined,
        "nodeType": "class",
        "props": Object {
          "allowClickAway": true,
          "anchorNode": null,
          "checkOverflow": true,
          "children": <span>
            Hello how are you doing
          </span>,
          "className": "",
          "close": [Function],
          "closeOnClick": false,
          "delay": 0,
          "direction": "top-center",
          "hideDelay": 0,
          "isDynamic": false,
          "isOpen": false,
          "maxHeight": null,
          "maxWidth": null,
          "showArrow": true,
          "showDelay": 0,
          "style": null,
          "targetOffset": Object {
            "horizontal": 0,
            "vertical": 0,
          },
        },
        "ref": [Function],
        "rendered": Object {
          "instance": null,
          "key": "1",
          "nodeType": "host",
          "props": Object {
            "children": "Hello how are you doing",
          },
          "ref": null,
          "rendered": "Hello how are you doing",
          "type": "span",
        },
        "type": [Function],
      },
    ],
    "type": "div",
  },
  Symbol(enzyme.__nodes__): Array [
    Object {
      "instance": null,
      "key": undefined,
      "nodeType": "host",
      "props": Object {
        "children": Array [
          <button
            onBlur={[Function]}
            onFocus={[Function]}
            onMouseEnter={[Function]}
            onMouseLeave={[Function]}
          >
            Hello
          </button>,
          <EventOverlay
            allowClickAway={true}
            anchorNode={null}
            checkOverflow={true}
            className=""
            close={[Function]}
            closeOnClick={false}
            delay={0}
            direction="top-center"
            hideDelay={0}
            isDynamic={false}
            isOpen={false}
            maxHeight={null}
            maxWidth={null}
            showArrow={true}
            showDelay={0}
            style={null}
            targetOffset={
              Object {
                "horizontal": 0,
                "vertical": 0,
              }
            }
          >
            <span>
              Hello how are you doing
            </span>
          </EventOverlay>,
        ],
      },
      "ref": null,
      "rendered": Array [
        Object {
          "instance": null,
          "key": "child-1",
          "nodeType": "host",
          "props": Object {
            "children": "Hello",
            "onBlur": [Function],
            "onFocus": [Function],
            "onMouseEnter": [Function],
            "onMouseLeave": [Function],
          },
          "ref": [Function],
          "rendered": "Hello",
          "type": "button",
        },
        Object {
          "instance": null,
          "key": undefined,
          "nodeType": "class",
          "props": Object {
            "allowClickAway": true,
            "anchorNode": null,
            "checkOverflow": true,
            "children": <span>
              Hello how are you doing
            </span>,
            "className": "",
            "close": [Function],
            "closeOnClick": false,
            "delay": 0,
            "direction": "top-center",
            "hideDelay": 0,
            "isDynamic": false,
            "isOpen": false,
            "maxHeight": null,
            "maxWidth": null,
            "showArrow": true,
            "showDelay": 0,
            "style": null,
            "targetOffset": Object {
              "horizontal": 0,
              "vertical": 0,
            },
          },
          "ref": [Function],
          "rendered": Object {
            "instance": null,
            "key": "1",
            "nodeType": "host",
            "props": Object {
              "children": "Hello how are you doing",
            },
            "ref": null,
            "rendered": "Hello how are you doing",
            "type": "span",
          },
          "type": [Function],
        },
      ],
      "type": "div",
    },
  ],
  Symbol(enzyme.__options__): Object {
    "adapter": ReactFifteenAdapter {
      "options": Object {
        "lifecycles": Object {
          "componentDidUpdate": Object {
            "prevContext": true,
          },
        },
        "supportPrevContextArgumentOfComponentDidUpdate": true,
      },
    },
  },
}
`;
