// Jest Snapshot v1, https://goo.gl/fbAQLP

exports[`tests for <CollapseButton /> should match SnapShot 1`] = `
ShallowWrapper {
  "length": 1,
  Symbol(enzyme.__root__): [Circular],
  Symbol(enzyme.__unrendered__): <CollapseButton
    alignment="left"
    className=""
    collapse={true}
    onClick={null}
  />,
  Symbol(enzyme.__renderer__): Object {
    "batchedUpdates": [Function],
    "getNode": [Function],
    "render": [Function],
    "simulateEvent": [Function],
    "unmount": [Function],
  },
  Symbol(enzyme.__node__): Object {
    "instance": null,
    "key": undefined,
    "nodeType": "class",
    "props": Object {
      "active": false,
      "ariaLabel": "expand",
      "ariaLabelledBy": "",
      "children": <Icon
        className=""
        color=""
        isAria={true}
        isClickable={false}
        name="arrow-right-optical_14"
        type=""
      />,
      "circle": false,
      "className": "cui-collapse-button cui-collapse-button--left",
      "color": "",
      "containerLarge": false,
      "disabled": false,
      "expand": false,
      "href": "",
      "index": null,
      "label": "",
      "large": false,
      "loading": false,
      "onClick": [Function],
      "removeStyle": false,
      "size": 36,
      "style": Object {},
      "tag": "button",
      "type": "button",
    },
    "ref": null,
    "rendered": Object {
      "instance": null,
      "key": undefined,
      "nodeType": "function",
      "props": Object {
        "className": "",
        "color": "",
        "isAria": true,
        "isClickable": false,
        "name": "arrow-right-optical_14",
        "type": "",
      },
      "ref": null,
      "rendered": null,
      "type": [Function],
    },
    "type": [Function],
  },
  Symbol(enzyme.__nodes__): Array [
    Object {
      "instance": null,
      "key": undefined,
      "nodeType": "class",
      "props": Object {
        "active": false,
        "ariaLabel": "expand",
        "ariaLabelledBy": "",
        "children": <Icon
          className=""
          color=""
          isAria={true}
          isClickable={false}
          name="arrow-right-optical_14"
          type=""
        />,
        "circle": false,
        "className": "cui-collapse-button cui-collapse-button--left",
        "color": "",
        "containerLarge": false,
        "disabled": false,
        "expand": false,
        "href": "",
        "index": null,
        "label": "",
        "large": false,
        "loading": false,
        "onClick": [Function],
        "removeStyle": false,
        "size": 36,
        "style": Object {},
        "tag": "button",
        "type": "button",
      },
      "ref": null,
      "rendered": Object {
        "instance": null,
        "key": undefined,
        "nodeType": "function",
        "props": Object {
          "className": "",
          "color": "",
          "isAria": true,
          "isClickable": false,
          "name": "arrow-right-optical_14",
          "type": "",
        },
        "ref": null,
        "rendered": null,
        "type": [Function],
      },
      "type": [Function],
    },
  ],
  Symbol(enzyme.__options__): Object {
    "adapter": ReactFifteenAdapter {
      "options": Object {
        "supportPrevContextArgumentOfComponentDidUpdate": true,
      },
    },
  },
}
`;
